
> edu-3d-physics-simulator@1.0.0 test
> jest --verbose

